// Jest Snapshot v1, https://goo.gl/fbAQLP

exports[`should match snapshot 1`] = `
<DocumentFragment>
  <div>
    <nav
      class="d-flex align-items-center justify-content-around shadow-lg navbar navbar-expand navbar-light"
      style="height: 70px; background-color: rgb(53, 89, 224);"
    >
      <a
        class="text-white navbar-brand"
        href="#home"
        style="font-weight: bolder; font-style: italic;"
      >
        Fakestore
      </a>
      <div>
        <div
          class="d-flex align-items-center m-5 p-2 rounded"
          style="background-color: rgb(48, 129, 208);"
        >
          <input
            placeholder="Search"
            style="background-color: transparent; outline: none; color: white; width: 450px;"
            value=""
          />
          <svg
            fill="currentColor"
            height="22"
            stroke="currentColor"
            stroke-width="0"
            viewBox="0 0 512 512"
            width="22"
            xmlns="http://www.w3.org/2000/svg"
          >
            <path
              d="M505 442.7L405.3 343c-4.5-4.5-10.6-7-17-7H372c27.6-35.3 44-79.7 44-128C416 93.1 322.9 0 208 0S0 93.1 0 208s93.1 208 208 208c48.3 0 92.7-16.4 128-44v16.3c0 6.4 2.5 12.5 7 17l99.7 99.7c9.4 9.4 24.6 9.4 33.9 0l28.3-28.3c9.4-9.4 9.4-24.6.1-34zM208 336c-70.7 0-128-57.2-128-128 0-70.7 57.2-128 128-128 70.7 0 128 57.2 128 128 0 70.7-57.2 128-128 128z"
            />
          </svg>
        </div>
      </div>
      <div
        class="d-flex align-items-center "
      >
        <a
          data-testid="login"
          href="/login"
          style="color: white; font-size: 16px; font-weight: bolder; font-style: italic;"
        >
          Login
        </a>
        <button
          class="fs-6 fw-bold fst-italic btn btn-danger"
          style="margin-right: 20px; margin-left: 20px;"
        >
          Logout
        </button>
      </div>
    </nav>
    <div
      class="d-flex justify-conten-around"
    >
      <div
        class=""
        style="height: 100vh; left: 0px; z-index: 1; width: 400px;"
      />
      <div
        class="d-flex"
        style="flex-wrap: wrap; justify-content: center; align-items: center;"
      >
        <div>
           
        </div>
      </div>
    </div>
    <div>
      im a footer to your site
    </div>
  </div>
</DocumentFragment>
`;
